// Jest Snapshot v1, https://goo.gl/fbAQLP

exports[`<Bar> should render and match the snapshot 1`] = `
<button
  class="MuiButtonBase-root MuiButton-root sc-bdVaJa dYArxF MuiButton-text"
  tabindex="0"
  type="button"
>
  <span
    class="MuiButton-label"
  >
    text
  </span>
  <span
    class="MuiTouchRipple-root"
  />
</button>
`;
