// Jest Snapshot v1, https://goo.gl/fbAQLP

exports[`<App> should render and match the snapshot 1`] = `
.c2 {
  -webkit-text-decoration: none;
  text-decoration: none;
  color: inherit;
  cursor: pointer;
}

.c1 {
  display: -webkit-box;
  display: -webkit-flex;
  display: -ms-flexbox;
  display: flex;
  -webkit-box-pack: justify;
  -webkit-justify-content: space-between;
  -ms-flex-pack: justify;
  justify-content: space-between;
}

.c3 {
  color: white;
}

.c0 {
  display: -webkit-box;
  display: -webkit-flex;
  display: -ms-flexbox;
  display: flex;
  width: 100%;
  margin: 0 auto;
}

.c4 {
  margin-top: 60px;
}

<div
  class="c0"
>
  <header
    class="MuiPaper-root MuiPaper-elevation4 MuiAppBar-root MuiAppBar-positionFixed MuiAppBar-colorPrimary mui-fixed"
  >
    <div
      class="MuiToolbar-root MuiToolbar-regular c1 MuiToolbar-gutters"
    >
      <a
        class="c2"
        href="/"
      >
        <button
          class="MuiButtonBase-root MuiButton-root c3 MuiButton-text"
          tabindex="0"
          type="button"
        >
          <span
            class="MuiButton-label"
          >
            Home
          </span>
          <span
            class="MuiTouchRipple-root"
          />
        </button>
      </a>
      <div
        class=""
      >
        <a
          class="c2"
          href="/login"
        >
          <button
            class="MuiButtonBase-root MuiButton-root c3 MuiButton-text"
            tabindex="0"
            type="button"
          >
            <span
              class="MuiButton-label"
            >
              Login
            </span>
            <span
              class="MuiTouchRipple-root"
            />
          </button>
        </a>
        <a
          class="c2"
          href="/signup"
        >
          <button
            class="MuiButtonBase-root MuiButton-root c3 MuiButton-text"
            tabindex="0"
            type="button"
          >
            <span
              class="MuiButton-label"
            >
              Signup
            </span>
            <span
              class="MuiTouchRipple-root"
            />
          </button>
        </a>
      </div>
    </div>
  </header>
  <div
    class="MuiContainer-root c4 MuiContainer-maxWidthSm"
  >
    <p>
      Homepage
    </p>
  </div>
</div>
`;
