// Jest Snapshot v1, https://goo.gl/fbAQLP

exports[`<App> should render and match the snapshot 1`] = `
.c1 {
  display: grid;
  grid-template-columns: 2fr 8fr 2fr;
}

.c2 {
  grid-column-start: 3;
}

.c0 {
  display: -webkit-box;
  display: -webkit-flex;
  display: -ms-flexbox;
  display: flex;
  width: 100%;
  margin: 0 auto;
}

.c3 {
  margin-top: 60px;
}

<div
  class="c0"
>
  <header
    class="MuiPaper-root MuiPaper-elevation4 MuiAppBar-root MuiAppBar-positionFixed MuiAppBar-colorPrimary mui-fixed"
  >
    <div
      class="MuiToolbar-root MuiToolbar-regular c1 MuiToolbar-gutters"
    >
      <button
        class="MuiButtonBase-root MuiButton-root MuiButton-text MuiButton-colorInherit"
        tabindex="0"
        type="button"
      >
        <span
          class="MuiButton-label"
        >
          Home
        </span>
        <span
          class="MuiTouchRipple-root"
        />
      </button>
      <div
        class="c2"
      >
        <button
          class="MuiButtonBase-root MuiButton-root MuiButton-text MuiButton-colorInherit"
          tabindex="0"
          type="button"
        >
          <span
            class="MuiButton-label"
          >
            Login
          </span>
          <span
            class="MuiTouchRipple-root"
          />
        </button>
        <button
          class="MuiButtonBase-root MuiButton-root MuiButton-text MuiButton-colorInherit"
          tabindex="0"
          type="button"
        >
          <span
            class="MuiButton-label"
          >
            Signup
          </span>
          <span
            class="MuiTouchRipple-root"
          />
        </button>
      </div>
    </div>
  </header>
  <div
    class="MuiContainer-root c3 MuiContainer-maxWidthSm"
  >
    <p>
      Homepage
    </p>
  </div>
</div>
`;
