// Jest Snapshot v1, https://goo.gl/fbAQLP

exports[`<DefaultLayout> should render and match the snapshot 1`] = `
<div
  class="sc-htpNat iscjEy"
>
  <header
    class="MuiPaper-root MuiPaper-elevation4 MuiAppBar-root MuiAppBar-positionFixed MuiAppBar-colorPrimary mui-fixed"
  >
    <div
      class="MuiToolbar-root MuiToolbar-regular sc-bdVaJa cNOkSB MuiToolbar-gutters"
    >
      <button
        class="MuiButtonBase-root MuiButton-root MuiButton-text MuiButton-colorInherit"
        tabindex="0"
        type="button"
      >
        <span
          class="MuiButton-label"
        >
          Home
        </span>
        <span
          class="MuiTouchRipple-root"
        />
      </button>
      <div
        class="sc-bwzfXH cOHpcK"
      >
        <button
          class="MuiButtonBase-root MuiButton-root MuiButton-text MuiButton-colorInherit"
          tabindex="0"
          type="button"
        >
          <span
            class="MuiButton-label"
          >
            Login
          </span>
          <span
            class="MuiTouchRipple-root"
          />
        </button>
        <button
          class="MuiButtonBase-root MuiButton-root MuiButton-text MuiButton-colorInherit"
          tabindex="0"
          type="button"
        >
          <span
            class="MuiButton-label"
          >
            Signup
          </span>
          <span
            class="MuiTouchRipple-root"
          />
        </button>
      </div>
    </div>
  </header>
  <div
    class="MuiContainer-root sc-bxivhb VOfcy MuiContainer-maxWidthSm"
  >
    <div />
  </div>
</div>
`;
