// Jest Snapshot v1, https://goo.gl/fbAQLP

exports[`<View /> should render and match the snapshot 1`] = `
.c0 {
  margin: auto;
  margin-top: 2em;
  margin-bottom: 1em;
  font-size: 1.25em;
  display: block;
  width: 100%;
}

<button
  class="MuiButtonBase-root MuiButton-root c0 MuiButton-outlined"
  tabindex="0"
  type="button"
>
  <span
    class="MuiButton-label"
  >
    <i
      aria-hidden="true"
      class="fa fa-github"
    />
     Login with github
  </span>
  <span
    class="MuiTouchRipple-root"
  />
</button>
`;
